takes decoded: 86/86
GLITCH — A4 0.00 ui
GLITCH — A4 0.00 nf_awake
GLITCH — A4 0.50 metal
GLITCH — A4 1.17 nf_roar
GLITCH — A4 2.00 nf_breath
GLITCH — A4 2.83 nf_coil
GLITCH — A4 2.87 tell_glitch
GLITCH — A4 2.87 hz_charge
GLITCH — A4 3.67 chargeReady
GLITCH — A4 3.87 nf_leap
GLITCH — A4 4.53 step
GLITCH — A4 4.67 nf_land
GLITCH — A4 4.87 step
GLITCH — A4 5.43 jump
GLITCH — A4 5.57 tell_glitch
GLITCH — A4 5.90 land
GLITCH — A4 6.13 nf_swipe
GLITCH — A4 6.57 step
GLITCH — A4 7.00 tell_glitch
GLITCH — A4 7.20 step
GLITCH — A4 7.37 atk
GLITCH — A4 7.37 bosshit
GLITCH — A4 7.37 nf_hurt
GLITCH — A4 7.63 nf_swipe
GLITCH — A4 7.83 atk
GLITCH — A4 7.83 bosshit
GLITCH — A4 7.83 nf_hurt
GLITCH — A4 8.30 atk
GLITCH — A4 8.30 bosshit
GLITCH — A4 8.30 nf_hurt
GLITCH — A4 8.67 tell_glitch
GLITCH — A4 8.77 atk
GLITCH — A4 8.77 bosshit
GLITCH — A4 8.77 nf_hurt
GLITCH — A4 9.23 atk
GLITCH — A4 9.23 bosshit
GLITCH — A4 9.23 phase
GLITCH — A4 9.23 bosshit
GLITCH — A4 9.23 nf_hurt
GLITCH — A4 9.70 atk
GLITCH — A4 9.70 bosshit
GLITCH — A4 9.70 nf_hurt
GLITCH — A4 10.10 step
GLITCH — A4 10.43 jump
GLITCH — A4 10.87 land
GLITCH — A4 10.93 step
GLITCH — A4 11.47 step
GLITCH — A4 11.80 step
GLITCH — A4 11.97 nf_coil
GLITCH — A4 12.00 tell_glitch
GLITCH — A4 12.13 step
GLITCH — A4 12.57 step
GLITCH — A4 12.80 chargeReady
GLITCH — A4 13.00 nf_leap
GLITCH — A4 13.07 step
GLITCH — A4 13.53 step
GLITCH — A4 13.80 nf_land
GLITCH — A4 13.87 step
GLITCH — A4 14.60 tell_glitch
GLITCH — A4 15.17 nf_swipe
GLITCH — A4 15.23 step
GLITCH — A4 15.43 jump
GLITCH — A4 15.90 land
GLITCH — A4 16.13 tell_glitch
GLITCH — A4 16.23 atk
GLITCH — A4 16.23 bosshit
GLITCH — A4 16.23 nf_hurt
GLITCH — A4 16.70 atk
GLITCH — A4 16.70 bosshit
GLITCH — A4 16.70 nf_hurt
GLITCH — A4 16.83 nf_swipe
GLITCH — A4 17.17 atk
GLITCH — A4 17.17 bosshit
GLITCH — A4 17.17 nf_hurt
GLITCH — A4 17.53 nf_breath
GLITCH — A4 17.63 atk
GLITCH — A4 17.63 bosshit
GLITCH — A4 17.63 nf_hurt
GLITCH — A4 17.93 tell_glitch
GLITCH — A4 18.00 step
GLITCH — A4 18.10 atk
GLITCH — A4 18.10 bosshit
GLITCH — A4 18.10 nf_hurt
GLITCH — A4 18.57 atk
GLITCH — A4 18.57 bosshit
GLITCH — A4 18.57 phase
GLITCH — A4 18.57 nf_hurt
GLITCH — A4 19.03 atk
GLITCH — A4 19.03 bosshit
GLITCH — A4 19.03 nf_hurt
GLITCH — A4 19.40 step
GLITCH — A4 19.73 step
GLITCH — A4 20.23 step
GLITCH — A4 20.30 phase
GLITCH — A4 20.30 bosshit
GLITCH — A4 20.47 jump
GLITCH — A4 21.30 step
GLITCH — A4 21.80 step
GLITCH — A4 22.17 step
GLITCH — A4 22.47 nf_coil
GLITCH — A4 22.50 step
GLITCH — A4 22.50 tell_glitch
GLITCH — A4 22.83 step
GLITCH — A4 23.17 step
GLITCH — A4 23.20 chargeReady
GLITCH — A4 23.40 nf_leap
GLITCH — A4 23.67 step
GLITCH — A4 24.07 nf_land
GLITCH — A4 24.70 castnull
GLITCH — A4 24.73 tell_glitch
GLITCH — A4 25.10 atk
GLITCH — A4 25.10 bosshit
GLITCH — A4 25.10 nf_hurt
GLITCH — A4 25.43 jump
GLITCH — A4 25.57 atk
GLITCH — A4 25.57 bosshit
GLITCH — A4 25.57 nf_hurt
GLITCH — A4 25.97 nf_roar
GLITCH — A4 26.03 atk
GLITCH — A4 26.03 bosshit
GLITCH — A4 26.03 nf_hurt
GLITCH — A4 26.20 nf_leap
GLITCH — A4 26.50 atk
GLITCH — A4 26.50 bosshit
GLITCH — A4 26.50 nf_hurt
GLITCH — A4 26.70 nf_land
GLITCH — A4 26.87 nf_leap
GLITCH — A4 26.97 atk
GLITCH — A4 26.97 bosshit
GLITCH — A4 26.97 nf_hurt
GLITCH — A4 27.33 nf_land
GLITCH — A4 27.40 step
GLITCH — A4 27.43 atk
GLITCH — A4 27.43 bosshit
GLITCH — A4 27.43 nf_hurt
GLITCH — A4 27.60 nf_leap
GLITCH — A4 27.90 atk
GLITCH — A4 27.90 bosshit
GLITCH — A4 27.90 nf_hurt
GLITCH — A4 28.07 nf_land
GLITCH — A4 28.10 quake
GLITCH — A4 28.47 step
GLITCH — A4 28.83 step
GLITCH — A4 29.37 step
GLITCH — A4 29.87 step
GLITCH — A4 30.37 step
GLITCH — A4 30.43 jump
GLITCH — A4 30.83 nf_step
GLITCH — A4 30.90 land
GLITCH — A4 30.93 nf_coil
GLITCH — A4 30.97 tell_glitch
GLITCH — A4 30.97 hz_charge
GLITCH — A4 31.33 step
GLITCH — A4 31.67 chargeReady
GLITCH — A4 31.87 nf_leap
GLITCH — A4 32.37 step
GLITCH — A4 32.53 nf_land
GLITCH — A4 33.27 tell_glitch
GLITCH — A4 33.83 nf_swipe
GLITCH — A4 34.07 tell_glitch
GLITCH — A4 34.10 powerUp
GLITCH — A4 34.10 win
GLITCH — A4 34.10 sting:hz_winsting
GLITCH — A4 34.10 winSting
GLITCH — A4 34.10 chargeReady
GLITCH — A4 34.10 sting:hz_evosting
GLITCH — A4 34.10 evoSting

[
 {
  "name": "GLITCH — A4",
  "frames": 1077,
  "peak": 0.8339303731918335
 }
]
